********************************************************************************
                        Threshold Voltage Group Report                         

Vth Group                All                Blackbox           Non-blackbox
Name                    cells                cells                cells
********************************************************************************
HVT                    66   (7.67%)          0   (0.00%)         66   (7.67%)   
LVT                   795  (92.33%)          0   (0.00%)        795  (92.33%)   
********************************************************************************
Total                 861 (100.00%)          0   (0.00%)        861 (100.00%)   

Vth Group                All                Blackbox           Non-blackbox
Name                  cell area            cell area            cell area
********************************************************************************
HVT                208.00   (5.74%)       0.00   (0.00%)     208.00   (5.74%)   
LVT               3417.44  (94.26%)       0.00   (0.00%)    3417.44  (94.26%)   
********************************************************************************
Total             3625.44 (100.00%)       0.00   (0.00%)    3625.44 (100.00%)  